../Core/Src/main.c:75:6:Motor1	16	static
../Core/Src/main.c:89:6:Motor2	16	static
../Core/Src/main.c:103:6:Motor3	16	static
../Core/Src/main.c:118:6:ESC1	24	static
../Core/Src/main.c:130:6:Servo	16	static
../Core/Src/main.c:134:6:HAL_GPIO_EXTI_Callback	16	static
../Core/Src/main.c:152:5:main	8	static
../Core/Src/main.c:244:6:SystemClock_Config	88	static
../Core/Src/main.c:286:13:MX_ADC1_Init	24	static
../Core/Src/main.c:356:13:MX_TIM3_Init	64	static
../Core/Src/main.c:415:13:MX_TIM4_Init	64	static
../Core/Src/main.c:486:13:MX_TIM5_Init	80	static
../Core/Src/main.c:566:13:MX_TIM13_Init	40	static
../Core/Src/main.c:610:13:MX_DMA_Init	16	static
../Core/Src/main.c:628:13:MX_GPIO_Init	40	static
../Core/Src/main.c:657:6:Error_Handler	4	static,ignoring_inline_asm
